src/pages/AppBuilder.tsx(5,56): error TS6133: 'ChevronLeft' is declared but its value is never read.
src/services/exportService.ts(1,17): error TS2307: Cannot find module '@stackblitz/sdk' or its corresponding type declarations.
